000000e3 A num_got_entries
bc000000 T _start
bc000400 t reset
bc000684 t CPLL_READY
bc0006e8 t CPLL_DONE
bc000728 t LDO_1P8V
bc000740 t LDO_2P5V
bc000754 t DDRLDO_SOFT_START
bc000774 t LDO_DELAY
bc000798 t SET_RG_BUCK_FPWM
bc0007ac t DDR_PAD_CFG
bc00083c t MT7628_KN_PAD
bc000860 t MT7628_AN_DDR1_PAD
bc0008a4 t MT7628_AN_DDR2_PAD
bc0008d0 t SET_PAD_CFG
bc000948 t DDR_READY
bc000b00 t SDRAM_INIT_DOWN
bc000b08 t tRFCinit
bc000b7c T relocate_code
bc000be0 t in_ram
bc000c40 t romReserved
bc000c44 t romExcHandle
bc000c48 T init_cpu_pll
bc000da0 t CPLL_EXIT
bc000da8 T SDR_CFG0_TBL
bc000dc8 T SDR_CFG1_TBL
bc000de8 T DDR1_CFG0_TBL
bc000e10 T DDR1_CFG1_TBL
bc000e38 t DDR1_CFG2_TBL
bc000e60 t DDR1_CFG3_TBL
bc000e88 t DDR1_CFG4_TBL
bc000eb0 T DDR2_CFG0_TBL
bc000ed0 T DDR2_CFG1_TBL
bc000ef0 t DDR2_CFG2_TBL
bc000f10 t DDR2_CFG3_TBL
bc000f30 t DDR2_CFG4_TBL
bc000f50 T lock_dcache
bc000fac T unlock_dcache
bc001004 T fill_icache
bc001040 t cal_invalidate_dcache_range
bc001064 t cal_patgen.constprop.0
bc00108c T dram_cali
bc002090 T sbrk
bc0020d0 T board_init_f
bc002388 T OperationSelect
bc00240c T tftp_config
bc00278c T trigger_hw_reset
bc002790 T hang
bc0027b8 T config_usb_ehciohci
bc0027e0 T disable_pcie
bc002808 T board_init_r
bc0032f0 T timer_init
bc003300 T get_timer
bc00330c T udelay
bc00337c T mdelay
bc0033d0 t startAgainTimeout
bc0033ec t startAgainHandler
bc0033f0 t NetCopyIP
bc003414 T NetSetHandler
bc003430 T NetSetTimeout
bc003478 T NetStartAgain
bc00351c T NetSendPacket
bc003540 T NetCksum
bc00357c T NetCksumOk
bc0035ac T NetEthHdrSize
bc0035b0 T NetSetEther
bc0035fc T NetReceive
bc0039f0 T ArpRequest
bc003af4 T ArpTimeoutCheck
bc003b7c T NetSetIP
bc003c64 T NetSendUDPPacket
bc003da8 T copy_filename
bc003de0 T ip_to_string
bc003e44 T string_to_ip
bc003ebc T print_IPaddr
bc003ef0 T getenv_IPaddr
bc003f20 T NetLoop
bc0042c0 T TftpSend
bc00443c t TftpHandler
bc004710 t TftpTimeout
bc0047b4 T TftpStart
bc004a00 T eth_parse_enetaddr
bc004a54 T eth_register
bc004a98 T eth_initialize
bc004c50 T eth_init
bc004ccc T eth_halt
bc004d00 T eth_send
bc004d38 T eth_rx
bc004d68 T eth_try_another
bc004da0 t rt2880_eth_send
bc004e86 t $L10
bc004ec0 t rt2880_eth_recv
bc004ffc t delete_char.part.0.constprop.1
bc0050c8 T START_ETH
bc005110 T STOP_ETH
bc005158 T rt2880_eth_halt
bc00517c T rt2880_free_buf_entry_dequeue
bc005194 T rt2880_eth_initialize
bc00532c T LANWANPartition
bc005330 T isDMABusy
bc005374 t rt2880_eth_init
bc0055cc T enableEthForward
bc005608 T disableEthForward
bc005644 T mt7628_ephy_init
bc005870 T rt305x_esw_init
bc005980 T readline
bc005b78 T input_value
bc005be0 T enable_mdio
bc005be4 T mii_mgr_read
bc005cdc T mii_mgr_write
bc005dd4 T dump_phy_reg
bc005f1c T rt2880_mdio_access
bc006280 t bbu_spic_busy_wait
bc0062e4 t bbu_spic_trans
bc0064c8 t raspi_unprotect
bc006554 t raspi_write_enable
bc006588 t raspi_write_disable
bc0065bc t raspi_wait_ready
bc006650 t raspi_4byte_mode
bc0067d0 t bbu_mb_spic_trans
bc00697a t $L76
bc0069b4 T spic_init
bc0069b8 T chip_prob
bc006aec T raspi_init
bc006b28 T raspi_erase
bc006c3c T do_flerase
bc006dfc T raspi_read
bc006ee4 T raspi_write
bc0070b4 T do_mem_cp
bc0071f4 T raspi_erase_write
bc007420 T run_command
bc0076f8 T main_loop
bc0077d0 T find_cmd
bc007870 t console_setfile
bc0078e8 T serial_printf
bc007924 T fgetc
bc007958 T ftstc
bc00798c T fputc
bc0079c0 T fputs
bc0079f0 T fprintf
bc007a30 T getc
bc007a68 T tstc
bc007aa0 T putc
bc007ae0 T puts
bc007b1c T printf
bc007b58 T vprintf
bc007b94 T ctrlc
bc007be8 T disable_ctrlc
bc007c08 T had_ctrlc
bc007c24 T clear_ctrlc
bc007c44 T dbg
bc007c4c T console_assign
bc007cec T console_init_f
bc007cf8 T console_init_r
bc007df0 T device_register
bc007e20 T devices_init
bc007ed8 T devices_done
bc007f10 T malloc_bin_reloc
bc007f44 T malloc_trim
bc008008 T free
bc008198 T cfree
bc0081bc T malloc
bc0085e8 T calloc
bc00869c T memalign
bc00878c T pvalloc
bc0087c0 T valloc
bc0087e8 T realloc
bc008ae0 t $L131
bc008b2c T malloc_usable_size
bc008b6c T mallopt
bc008bd0 T env_get_char_memory
bc008bfc t env_get_char_init
bc008c30 T env_crc_update
bc008c64 T env_get_addr
bc008c8c T env_relocate
bc008d30 t dummy
bc008d34 T get_version
bc008d38 T jumptable_init
bc008da0 T NewHandle
bc008e08 T DisposeHandle
bc008e40 T GetHandleSize
bc008e44 T SetHandleSize
bc008ec0 T ListCreate
bc008f04 T ListDispose
bc008f28 T ListInsertItems
bc009074 T ListInsertItem
bc009098 T ListGetPtrToItem
bc0090c4 T ListNumItems
bc0090d0 t envmatch
bc009134 T _do_setenv
bc00954c T do_setenv
bc009590 T setenv
bc0095cc T getenv
bc009650 t __fswab32
bc009674 T fake_image_header
bc009708 T do_bootm
bc009888 T print_image_hdr
bc009b70 T do_tftpb
bc009e80 T env_get_char_spec
bc009e8c T env_init
bc009eb0 T spi_env_init
bc009ed8 T saveenv
bc009edc T env_relocate_spec
bc009ee0 T env_size
bc009ee4 T environment
bc00aef0 T crc32
bc00b060 T display_options
bc00b090 T print_size
bc00b140 T strnicmp
bc00b1a0 T strcpy
bc00b1b0 T strncpy
bc00b1c4 T strcat
bc00b1ec T strncat
bc00b224 T strcmp
bc00b238 T strncmp
bc00b264 T strchr
bc00b28c T strlen
bc00b2ac T strrchr
bc00b2e8 T strnlen
bc00b30c T strdup
bc00b360 T strspn
bc00b390 T strpbrk
bc00b3bc T strtok
bc00b424 T strsep
bc00b45c T strswab
bc00b490 T memset
bc00b4b0 T bcopy
bc00b4d8 T memcpy
bc00b4fc T memmove
bc00b548 T memcmp
bc00b570 T memscan
bc00b594 T strstr
bc00b600 T memchr
bc00b630 t number
bc00b800 T simple_strtoul
bc00b894 T simple_strtol
bc00b8c8 T vsprintf
bc00bb84 T sprintf
bc00bbac T panic
bc00bc10 T RangeDecoderReadByte
bc00bc38 T RangeDecoderInit
bc00bc88 T RangeDecoderDecodeDirectBits
bc00bcf4 T RangeDecoderBitDecode
bc00bd6c T RangeDecoderBitTreeDecode
bc00bdc0 T RangeDecoderReverseBitTreeDecode
bc00be14 T LzmaLiteralDecode
bc00be58 T LzmaLiteralDecodeMatch
bc00bed4 T LzmaLenDecode
bc00bf5c T LzmaDecode
bc00c27c T lzmaBuffToBuffDecompress
bc00c3c0 T get_ram_size
bc00c488 T initdram
bc00c4b8 T checkboard
bc00c4e4 T setGpioData
bc00c54c T initTpProduct
bc00c6c8 T getGpioData
bc00c730 T serial_setbrg
bc00c778 T serial_init
bc00c79c T serial_putc
bc00c7dc T serial_tstc
bc00c7ec T serial_getc
bc00c808 T serial_puts
bc00c840 t dcache_line_size
bc00c864 T do_reset
bc00c874 T flush_cache
bc00c930 T write_one_tlb
bc00c968 T flush_dcache_range
bc00c9c8 T invalidate_dcache_range
bc00ca30 t __fswab32
bc00ca54 t linux_env_set
bc00cb28 T do_bootm_linux
bc00d0f0 R version_string
bc00d140 r __func__.1861
bc00d154 r __func__.1829
bc00d164 r __func__.1785
bc00d178 r __func__.1901
bc00d188 r __func__.1910
bc00d19c r __func__.1888
bc00d1b0 r __func__.1944
bc00d1bc r __func__.1812
bc00d1d0 r baudrate_table
bc00d1f0 r p.1758
bc00efd0 D NetBcastAddr
bc00efe0 D fileNotFoundCounter
bc00eff0 d erase_seq
bc00eff4 d tab_seq
bc00f000 D stm_opcodes
bc00f040 d sbrk_base
bc00f044 d trim_threshold
bc00f048 d mmap_threshold
bc00f050 D default_environment
bc00f0d0 D load_addr
bc00f0e0 d crc_table_empty
bc00f0f0 D _ctype
bc00f1f0 d chips_data
bc00f580 D stdio_names
bc00f58c d av_
bc00f994 D env_get_char
bc00f998 D env_name_spec
bc00f99c D env_ptr
bc00f9a0 A _gp
bc00f9a0 D _GLOBAL_OFFSET_TABLE_
bc00f9a0 D __got_start
bc00fd2c A __u_boot_cmd_start
bc00fd2c D __got_end
bc00fd2c D __u_boot_cmd_erase
bc00fd44 D __u_boot_cmd_cp
bc00fd5c D __u_boot_cmd_setenv
bc00fd74 D __u_boot_cmd_reset
bc00fd8c D __u_boot_cmd_tftpboot
bc00fda4 A __u_boot_cmd_end
bc00fda4 A uboot_end_data
bc00fdc0 B modifies
bc00fdc4 b mem_malloc_brk
bc00fdc8 b mem_malloc_start
bc00fdcc b mem_malloc_end
bc00fdd0 b file_name_space
bc00fe50 B NetTxPacket
bc00fe54 B NetEtherNullAddr
bc00fe5c B NetServerEther
bc00fe62 B NetBootFileSize
bc00fe64 B NetOurRootPath
bc00fea4 B NetOurHostName
bc00fec4 B NetOurNISDomain
bc00fee4 B NetOurDNSIP
bc00fee8 B NetOurGatewayIP
bc00feec B NetOurSubnetMask
bc00fef0 b timeHandler
bc00fef4 b timeStart
bc00fef8 b timeDelta
bc00fefc b packetHandler
bc00ff00 b TftpState
bc00ff04 b tftp_filename
bc00ff08 b TftpBlock
bc00ff0c b TftpServerPort
bc00ff10 b TftpOurPort
bc00ff14 b default_filename
bc00ff24 b TftpTimeoutCount
bc00ff28 b TftpBlockWrap
bc00ff2c b TftpBlockWrapOffset
bc00ff30 b TftpLastBlock
bc00ff40 b eth_devices
bc00ff44 b eth_current
bc00ff48 b first_failed.2037
bc00ff60 b PKT_HEADER_Buf_Pool
bc0267a0 b rt2880_eth_initd
bc0267c0 b rx_ring_cache
bc026940 b rx_ring
bc026960 b tx_ring0_cache
bc026ae0 b tx_ring0
bc026ae4 b rt2880_free_buf
bc026db4 b rx_dma_owner_idx0
bc026db8 b tx_cpu_owner_idx0
bc026dbc b rxRingSize
bc026dbd b txRingSize
bc026dc0 b rx_wants_alloc_idx0
bc026de0 B spi_chip_info
bc026df0 b lastcommand.1793
bc026ef0 b ctrlc_disabled
bc026ef4 b ctrlc_was_pressed
bc026f00 B stdio_devices
bc026f0c B devlist
bc026f10 b top_pad
bc026f14 b current_mallinfo
bc026f3c b max_sbrked_mem
bc026f40 b max_total_mem
bc026f44 b n_mmaps_max
bc026f50 b crc_table
bc027350 b linux_argv
bc027354 b linux_argc
bc027358 b linux_env
bc02735c b linux_env_idx
bc027360 b linux_env_p
bc027370 B gd_data
bc027394 B Pkt_Buf_Pool
bc03e7d4 B NetRxPackets
bc03e8c4 B BootFile
bc03e944 B NetArpWaitPacketBuf
bc03ef84 B console_buffer
bc03f084 B console_history
bc03fa84 B header
bc03fac4 A uboot_end
bc03fac4 C monitor_flash_len
bc03fac8 C mips_bus_feq
bc03facc C mips_cpu_feq
bc03fad0 C NetArpWaitTry
bc03fad4 C NetArpWaitPacketMAC
bc03fad8 C NetOurEther
bc03fae0 C NetOurIP
bc03fae4 C NetServerIP
bc03fae8 C NetArpWaitTxPacketSize
bc03faec C NetArpWaitReplyIP
bc03faf0 C NetArpWaitTxPacket
bc03faf4 C NetArpWaitPacketIP
bc03faf8 C NetState
bc03fafc C NetIPID
bc03fb00 C NetRxPkt
bc03fb04 C NetRxPktLen
bc03fb08 C NetBootFileXferSize
bc03fb0c C PktBuf
bc03fb10 C NetArpWaitTimerStart
bc03fb14 C TftpStarted
bc03fb18 C rt2880_free_buf_list
bc03fb20 C PKT_HEADER_Buf
bc03fb24 C rt2880_pdev
bc03fb28 C rt2880_busing_buf_list
bc03fb30 C ___strtok
