Archive member included because of file (symbol)

lib_mips/libmips.a(board.o)   cpu/ralink_soc/start.o (dram_cali)
lib_mips/libmips.a(time.o)    lib_mips/libmips.a(board.o) (timer_init)
net/libnet.a(net.o)           lib_mips/libmips.a(board.o) (copy_filename)
net/libnet.a(tftp.o)          net/libnet.a(net.o) (TftpSend)
net/libnet.a(eth.o)           lib_mips/libmips.a(board.o) (eth_initialize)
drivers/libdrivers.a(rt2880_eth.o)
                              net/libnet.a(net.o) (rt2880_free_buf_entry_dequeue)
drivers/libdrivers.a(mii_mgr.o)
                              drivers/libdrivers.a(rt2880_eth.o) (mii_mgr_write)
drivers/libdrivers.a(spi_rt6855A_flash.o)
                              lib_mips/libmips.a(board.o) (raspi_init)
common/libcommon.a(main.o)    lib_mips/libmips.a(board.o) (run_command)
common/libcommon.a(command.o)
                              common/libcommon.a(main.o) (find_cmd)
common/libcommon.a(console.o)
                              lib_mips/libmips.a(board.o) (printf)
common/libcommon.a(devices.o)
                              common/libcommon.a(console.o) (devlist)
common/libcommon.a(dlmalloc.o)
                              lib_mips/libmips.a(board.o) (malloc_bin_reloc)
common/libcommon.a(env_common.o)
                              lib_mips/libmips.a(board.o) (env_relocate)
common/libcommon.a(exports.o)
                              lib_mips/libmips.a(board.o) (jumptable_init)
common/libcommon.a(lists.o)   common/libcommon.a(devices.o) (ListCreate)
common/libcommon.a(cmd_nvedit.o)
                              lib_mips/libmips.a(board.o) (setenv)
common/libcommon.a(cmd_bootm.o)
                              lib_mips/libmips.a(board.o) (do_bootm)
common/libcommon.a(cmd_net.o)
                              (__u_boot_cmd_tftpboot)
common/libcommon.a(env_spi.o)
                              common/libcommon.a(env_common.o) (env_get_char_spec)
common/libcommon.a(environment.o)
                              common/libcommon.a(env_spi.o) (environment)
lib_generic/libgeneric.a(crc32.o)
                              common/libcommon.a(env_common.o) (crc32)
lib_generic/libgeneric.a(display_options.o)
                              lib_mips/libmips.a(board.o) (print_size)
lib_generic/libgeneric.a(string.o)
                              net/libnet.a(tftp.o) (strcpy)
lib_generic/libgeneric.a(vsprintf.o)
                              lib_mips/libmips.a(board.o) (simple_strtoul)
lib_generic/libgeneric.a(LzmaDecode.o)
                              common/libcommon.a(cmd_bootm.o) (lzmaBuffToBuffDecompress)
lib_generic/libgeneric.a(ctype.o)
                              lib_generic/libgeneric.a(string.o) (_ctype)
board/rt2880/librt2880.a(rt2880.o)
                              lib_mips/libmips.a(board.o) (initdram)
board/rt2880/librt2880.a(serial.o)
                              common/libcommon.a(cmd_nvedit.o) (serial_setbrg)
cpu/ralink_soc/libralink_soc.a(cpu.o)
                              lib_mips/libmips.a(board.o) (do_reset)
lib_mips/libmips.a(mips_linux.o)
                              common/libcommon.a(cmd_bootm.o) (do_bootm_linux)

Allocating common symbols
Common symbol       size              file

console_buffer      0x100             drivers/libdrivers.a(rt2880_eth.o)
NetArpWaitTry       0x4               net/libnet.a(net.o)
NetArpWaitPacketMAC
                    0x4               net/libnet.a(net.o)
NetOurEther         0x6               net/libnet.a(net.o)
NetOurIP            0x4               net/libnet.a(net.o)
NetServerIP         0x4               net/libnet.a(net.o)
monitor_flash_len   0x4               lib_mips/libmips.a(board.o)
Pkt_Buf_Pool        0x17440           net/libnet.a(net.o)
___strtok           0x4               lib_generic/libgeneric.a(string.o)
NetArpWaitTxPacketSize
                    0x4               net/libnet.a(net.o)
NetArpWaitReplyIP   0x4               net/libnet.a(net.o)
NetRxPackets        0xf0              net/libnet.a(net.o)
NetArpWaitTxPacket  0x4               net/libnet.a(net.o)
rt2880_free_buf_list
                    0x8               drivers/libdrivers.a(rt2880_eth.o)
PKT_HEADER_Buf      0x4               drivers/libdrivers.a(rt2880_eth.o)
NetArpWaitPacketIP  0x4               net/libnet.a(net.o)
NetState            0x4               net/libnet.a(net.o)
BootFile            0x80              net/libnet.a(net.o)
rt2880_pdev         0x4               drivers/libdrivers.a(rt2880_eth.o)
mips_bus_feq        0x4               lib_mips/libmips.a(board.o)
rt2880_busing_buf_list
                    0x8               drivers/libdrivers.a(rt2880_eth.o)
NetIPID             0x4               net/libnet.a(net.o)
mips_cpu_feq        0x4               lib_mips/libmips.a(board.o)
NetRxPkt            0x4               net/libnet.a(net.o)
gd_data             0x24              lib_mips/libmips.a(board.o)
NetArpWaitPacketBuf
                    0x640             net/libnet.a(net.o)
TftpStarted         0x4               net/libnet.a(tftp.o)
header              0x40              common/libcommon.a(cmd_bootm.o)
NetRxPktLen         0x4               net/libnet.a(net.o)
NetBootFileXferSize
                    0x4               net/libnet.a(net.o)
console_history     0xa00             common/libcommon.a(main.o)
PktBuf              0x4               net/libnet.a(net.o)
NetArpWaitTimerStart
                    0x4               net/libnet.a(net.o)

Discarded input sections

 .reginfo       0x0000000000000000       0x18 lib_mips/libmips.a(board.o)
 .reginfo       0x0000000000000000       0x18 lib_mips/libmips.a(time.o)
 .reginfo       0x0000000000000000       0x18 net/libnet.a(net.o)
 .reginfo       0x0000000000000000       0x18 net/libnet.a(tftp.o)
 .reginfo       0x0000000000000000       0x18 net/libnet.a(eth.o)
 .reginfo       0x0000000000000000       0x18 drivers/libdrivers.a(rt2880_eth.o)
 .reginfo       0x0000000000000000       0x18 drivers/libdrivers.a(mii_mgr.o)
 .reginfo       0x0000000000000000       0x18 drivers/libdrivers.a(spi_rt6855A_flash.o)
 .reginfo       0x0000000000000000       0x18 common/libcommon.a(main.o)
 .reginfo       0x0000000000000000       0x18 common/libcommon.a(command.o)
 .reginfo       0x0000000000000000       0x18 common/libcommon.a(console.o)
 .reginfo       0x0000000000000000       0x18 common/libcommon.a(devices.o)
 .reginfo       0x0000000000000000       0x18 common/libcommon.a(dlmalloc.o)
 .reginfo       0x0000000000000000       0x18 common/libcommon.a(env_common.o)
 .reginfo       0x0000000000000000       0x18 common/libcommon.a(exports.o)
 .reginfo       0x0000000000000000       0x18 common/libcommon.a(lists.o)
 .reginfo       0x0000000000000000       0x18 common/libcommon.a(cmd_nvedit.o)
 .reginfo       0x0000000000000000       0x18 common/libcommon.a(cmd_bootm.o)
 .reginfo       0x0000000000000000       0x18 common/libcommon.a(cmd_net.o)
 .reginfo       0x0000000000000000       0x18 common/libcommon.a(env_spi.o)
 .reginfo       0x0000000000000000       0x18 common/libcommon.a(environment.o)
 .reginfo       0x0000000000000000       0x18 lib_generic/libgeneric.a(crc32.o)
 .reginfo       0x0000000000000000       0x18 lib_generic/libgeneric.a(display_options.o)
 .reginfo       0x0000000000000000       0x18 lib_generic/libgeneric.a(string.o)
 .reginfo       0x0000000000000000       0x18 lib_generic/libgeneric.a(vsprintf.o)
 .reginfo       0x0000000000000000       0x18 lib_generic/libgeneric.a(LzmaDecode.o)
 .reginfo       0x0000000000000000       0x18 lib_generic/libgeneric.a(ctype.o)
 .reginfo       0x0000000000000000       0x18 board/rt2880/librt2880.a(rt2880.o)
 .reginfo       0x0000000000000000       0x18 board/rt2880/librt2880.a(serial.o)
 .reginfo       0x0000000000000000       0x18 cpu/ralink_soc/libralink_soc.a(cpu.o)
 .reginfo       0x0000000000000000       0x18 lib_mips/libmips.a(mips_linux.o)

Memory Configuration

Name             Origin             Length             Attributes
*default*        0x0000000000000000 0xffffffffffffffff

Linker script and memory map

                0x0000000000000000                . = 0x0
                0x0000000000000000                . = ALIGN (0x4)

.text           0x00000000bc000000     0xd0f0
 *(.text)
 .text          0x00000000bc000000     0x1040 cpu/ralink_soc/start.o
                0x00000000bc000000                _start
                0x00000000bc000b7c                relocate_code
                0x00000000bc000c48                init_cpu_pll
                0x00000000bc000da8                SDR_CFG0_TBL
                0x00000000bc000dc8                SDR_CFG1_TBL
                0x00000000bc000de8                DDR1_CFG0_TBL
                0x00000000bc000e10                DDR1_CFG1_TBL
                0x00000000bc000eb0                DDR2_CFG0_TBL
                0x00000000bc000ed0                DDR2_CFG1_TBL
                0x00000000bc000f50                lock_dcache
                0x00000000bc000fac                unlock_dcache
                0x00000000bc001004                fill_icache
 .text          0x00000000bc001040     0x22b0 lib_mips/libmips.a(board.o)
                0x00000000bc00108c                dram_cali
                0x00000000bc002091                sbrk
                0x00000000bc0020d0                board_init_f
                0x00000000bc002389                OperationSelect
                0x00000000bc00240d                tftp_config
                0x00000000bc00278d                trigger_hw_reset
                0x00000000bc002791                hang
                0x00000000bc0027b9                config_usb_ehciohci
                0x00000000bc0027e1                disable_pcie
                0x00000000bc002808                board_init_r
 .text          0x00000000bc0032f0       0xe0 lib_mips/libmips.a(time.o)
                0x00000000bc0032f0                timer_init
                0x00000000bc003300                get_timer
                0x00000000bc00330c                udelay
                0x00000000bc00337c                mdelay
 .text          0x00000000bc0033d0      0xef0 net/libnet.a(net.o)
                0x00000000bc003415                NetSetHandler
                0x00000000bc003431                NetSetTimeout
                0x00000000bc003479                NetStartAgain
                0x00000000bc00351d                NetSendPacket
                0x00000000bc003541                NetCksum
                0x00000000bc00357d                NetCksumOk
                0x00000000bc0035ad                NetEthHdrSize
                0x00000000bc0035b1                NetSetEther
                0x00000000bc0035fd                NetReceive
                0x00000000bc0039f1                ArpRequest
                0x00000000bc003af5                ArpTimeoutCheck
                0x00000000bc003b7d                NetSetIP
                0x00000000bc003c65                NetSendUDPPacket
                0x00000000bc003da9                copy_filename
                0x00000000bc003de1                ip_to_string
                0x00000000bc003e45                string_to_ip
                0x00000000bc003ebd                print_IPaddr
                0x00000000bc003ef1                getenv_IPaddr
                0x00000000bc003f21                NetLoop
 .text          0x00000000bc0042c0      0x740 net/libnet.a(tftp.o)
                0x00000000bc0042c1                TftpSend
                0x00000000bc0047b5                TftpStart
 .text          0x00000000bc004a00      0x3a0 net/libnet.a(eth.o)
                0x00000000bc004a01                eth_parse_enetaddr
                0x00000000bc004a55                eth_register
                0x00000000bc004a99                eth_initialize
                0x00000000bc004c51                eth_init
                0x00000000bc004ccd                eth_halt
                0x00000000bc004d01                eth_send
                0x00000000bc004d39                eth_rx
                0x00000000bc004d69                eth_try_another
 .text          0x00000000bc004da0      0xe40 drivers/libdrivers.a(rt2880_eth.o)
                0x00000000bc0050c9                START_ETH
                0x00000000bc005111                STOP_ETH
                0x00000000bc005159                rt2880_eth_halt
                0x00000000bc00517d                rt2880_free_buf_entry_dequeue
                0x00000000bc005195                rt2880_eth_initialize
                0x00000000bc00532d                LANWANPartition
                0x00000000bc005331                isDMABusy
                0x00000000bc0055cd                enableEthForward
                0x00000000bc005609                disableEthForward
                0x00000000bc005645                mt7628_ephy_init
                0x00000000bc005871                rt305x_esw_init
                0x00000000bc005981                readline
                0x00000000bc005b79                input_value
 .text          0x00000000bc005be0      0x6a0 drivers/libdrivers.a(mii_mgr.o)
                0x00000000bc005be1                enable_mdio
                0x00000000bc005be5                mii_mgr_read
                0x00000000bc005cdd                mii_mgr_write
                0x00000000bc005dd5                dump_phy_reg
                0x00000000bc005f1d                rt2880_mdio_access
 .text          0x00000000bc006280     0x11a0 drivers/libdrivers.a(spi_rt6855A_flash.o)
                0x00000000bc0069b5                spic_init
                0x00000000bc0069b9                chip_prob
                0x00000000bc006aed                raspi_init
                0x00000000bc006b29                raspi_erase
                0x00000000bc006c3d                do_flerase
                0x00000000bc006dfd                raspi_read
                0x00000000bc006ee5                raspi_write
                0x00000000bc0070b5                do_mem_cp
                0x00000000bc0071f5                raspi_erase_write
 .text          0x00000000bc007420      0x3b0 common/libcommon.a(main.o)
                0x00000000bc007421                run_command
                0x00000000bc0076f9                main_loop
 .text          0x00000000bc0077d0       0xa0 common/libcommon.a(command.o)
                0x00000000bc0077d1                find_cmd
 .text          0x00000000bc007870      0x580 common/libcommon.a(console.o)
                0x00000000bc0078e9                serial_printf
                0x00000000bc007925                fgetc
                0x00000000bc007959                ftstc
                0x00000000bc00798d                fputc
                0x00000000bc0079c1                fputs
                0x00000000bc0079f1                fprintf
                0x00000000bc007a31                getc
                0x00000000bc007a69                tstc
                0x00000000bc007aa1                putc
                0x00000000bc007ae1                puts
                0x00000000bc007b1d                printf
                0x00000000bc007b59                vprintf
                0x00000000bc007b95                ctrlc
                0x00000000bc007be9                disable_ctrlc
                0x00000000bc007c09                had_ctrlc
                0x00000000bc007c25                clear_ctrlc
                0x00000000bc007c45                dbg
                0x00000000bc007c4d                console_assign
                0x00000000bc007ced                console_init_f
                0x00000000bc007cf9                console_init_r
 .text          0x00000000bc007df0      0x120 common/libcommon.a(devices.o)
                0x00000000bc007df1                device_register
                0x00000000bc007e21                devices_init
                0x00000000bc007ed9                devices_done
 .text          0x00000000bc007f10      0xcc0 common/libcommon.a(dlmalloc.o)
                0x00000000bc007f11                malloc_bin_reloc
                0x00000000bc007f45                malloc_trim
                0x00000000bc008009                free
                0x00000000bc008199                cfree
                0x00000000bc0081bd                malloc
                0x00000000bc0085e9                calloc
                0x00000000bc00869d                memalign
                0x00000000bc00878d                pvalloc
                0x00000000bc0087c1                valloc
                0x00000000bc0087e9                realloc
                0x00000000bc008b2d                malloc_usable_size
                0x00000000bc008b6d                mallopt
 .text          0x00000000bc008bd0      0x160 common/libcommon.a(env_common.o)
                0x00000000bc008bd1                env_get_char_memory
                0x00000000bc008c31                env_crc_update
                0x00000000bc008c65                env_get_addr
                0x00000000bc008c8d                env_relocate
 .text          0x00000000bc008d30       0x70 common/libcommon.a(exports.o)
                0x00000000bc008d35                get_version
                0x00000000bc008d39                jumptable_init
 .text          0x00000000bc008da0      0x330 common/libcommon.a(lists.o)
                0x00000000bc008da1                NewHandle
                0x00000000bc008e09                DisposeHandle
                0x00000000bc008e41                GetHandleSize
                0x00000000bc008e45                SetHandleSize
                0x00000000bc008ec1                ListCreate
                0x00000000bc008f05                ListDispose
                0x00000000bc008f29                ListInsertItems
                0x00000000bc009075                ListInsertItem
                0x00000000bc009099                ListGetPtrToItem
                0x00000000bc0090c5                ListNumItems
 .text          0x00000000bc0090d0      0x580 common/libcommon.a(cmd_nvedit.o)
                0x00000000bc009135                _do_setenv
                0x00000000bc00954d                do_setenv
                0x00000000bc009591                setenv
                0x00000000bc0095cd                getenv
 .text          0x00000000bc009650      0x520 common/libcommon.a(cmd_bootm.o)
                0x00000000bc009675                fake_image_header
                0x00000000bc009709                do_bootm
                0x00000000bc009889                print_image_hdr
 .text          0x00000000bc009b70      0x310 common/libcommon.a(cmd_net.o)
                0x00000000bc009b71                do_tftpb
 .text          0x00000000bc009e80       0x60 common/libcommon.a(env_spi.o)
                0x00000000bc009e81                env_get_char_spec
                0x00000000bc009e8d                env_init
                0x00000000bc009eb1                spi_env_init
                0x00000000bc009ed9                saveenv
                0x00000000bc009edd                env_relocate_spec
 .text          0x00000000bc009ee0     0x1010 common/libcommon.a(environment.o)
                0x00000000bc009ee0                env_size
                0x00000000bc009ee4                environment
 .text          0x00000000bc00aef0      0x170 lib_generic/libgeneric.a(crc32.o)
                0x00000000bc00aef1                crc32
 .text          0x00000000bc00b060       0xe0 lib_generic/libgeneric.a(display_options.o)
                0x00000000bc00b061                display_options
                0x00000000bc00b091                print_size
 .text          0x00000000bc00b140      0x4f0 lib_generic/libgeneric.a(string.o)
                0x00000000bc00b141                strnicmp
                0x00000000bc00b1a1                strcpy
                0x00000000bc00b1b1                strncpy
                0x00000000bc00b1c5                strcat
                0x00000000bc00b1ed                strncat
                0x00000000bc00b225                strcmp
                0x00000000bc00b239                strncmp
                0x00000000bc00b265                strchr
                0x00000000bc00b28d                strlen
                0x00000000bc00b2ad                strrchr
                0x00000000bc00b2e9                strnlen
                0x00000000bc00b30d                strdup
                0x00000000bc00b361                strspn
                0x00000000bc00b391                strpbrk
                0x00000000bc00b3bd                strtok
                0x00000000bc00b425                strsep
                0x00000000bc00b45d                strswab
                0x00000000bc00b491                memset
                0x00000000bc00b4b1                bcopy
                0x00000000bc00b4d9                memcpy
                0x00000000bc00b4fd                memmove
                0x00000000bc00b549                memcmp
                0x00000000bc00b571                memscan
                0x00000000bc00b595                strstr
                0x00000000bc00b601                memchr
 .text          0x00000000bc00b630      0x5e0 lib_generic/libgeneric.a(vsprintf.o)
                0x00000000bc00b801                simple_strtoul
                0x00000000bc00b895                simple_strtol
                0x00000000bc00b8c9                vsprintf
                0x00000000bc00bb85                sprintf
                0x00000000bc00bbad                panic
 .text          0x00000000bc00bc10      0x7b0 lib_generic/libgeneric.a(LzmaDecode.o)
                0x00000000bc00bc11                RangeDecoderReadByte
                0x00000000bc00bc39                RangeDecoderInit
                0x00000000bc00bc89                RangeDecoderDecodeDirectBits
                0x00000000bc00bcf5                RangeDecoderBitDecode
                0x00000000bc00bd6d                RangeDecoderBitTreeDecode
                0x00000000bc00bdc1                RangeDecoderReverseBitTreeDecode
                0x00000000bc00be15                LzmaLiteralDecode
                0x00000000bc00be59                LzmaLiteralDecodeMatch
                0x00000000bc00bed5                LzmaLenDecode
                0x00000000bc00bf5d                LzmaDecode
                0x00000000bc00c27d                lzmaBuffToBuffDecompress
 .text          0x00000000bc00c3c0        0x0 lib_generic/libgeneric.a(ctype.o)
 .text          0x00000000bc00c3c0      0x370 board/rt2880/librt2880.a(rt2880.o)
                0x00000000bc00c3c1                get_ram_size
                0x00000000bc00c489                initdram
                0x00000000bc00c4b9                checkboard
                0x00000000bc00c4e5                setGpioData
                0x00000000bc00c54d                initTpProduct
                0x00000000bc00c6c9                getGpioData
 .text          0x00000000bc00c730      0x110 board/rt2880/librt2880.a(serial.o)
                0x00000000bc00c731                serial_setbrg
                0x00000000bc00c779                serial_init
                0x00000000bc00c79d                serial_putc
                0x00000000bc00c7dd                serial_tstc
                0x00000000bc00c7ed                serial_getc
                0x00000000bc00c809                serial_puts
 .text          0x00000000bc00c840      0x1f0 cpu/ralink_soc/libralink_soc.a(cpu.o)
                0x00000000bc00c865                do_reset
                0x00000000bc00c874                flush_cache
                0x00000000bc00c930                write_one_tlb
                0x00000000bc00c968                flush_dcache_range
                0x00000000bc00c9c8                invalidate_dcache_range
 .text          0x00000000bc00ca30      0x6c0 lib_mips/libmips.a(mips_linux.o)
                0x00000000bc00cb29                do_bootm_linux
                0x00000000bc00d0f0                . = ALIGN (0x4)

.rodata         0x00000000bc00d0f0      0x110
 *(.rodata)
 .rodata        0x00000000bc00d0f0       0x30 lib_mips/libmips.a(board.o)
                0x00000000bc00d0f0                version_string
 .rodata        0x00000000bc00d120       0x10 net/libnet.a(net.o)
 .rodata        0x00000000bc00d130       0x10 net/libnet.a(eth.o)
 .rodata        0x00000000bc00d140       0x90 drivers/libdrivers.a(spi_rt6855A_flash.o)
 .rodata        0x00000000bc00d1d0       0x20 common/libcommon.a(cmd_nvedit.o)
 .rodata        0x00000000bc00d1f0       0x10 lib_generic/libgeneric.a(crc32.o)

.reginfo        0x00000000bc00d200       0x18
 .reginfo       0x00000000bc00d200       0x18 cpu/ralink_soc/start.o

.rodata.str1.4  0x00000000bc00d218     0x1dac
 .rodata.str1.4
                0x00000000bc00d218      0x71e lib_mips/libmips.a(board.o)
                                        0x744 (size before relaxing)
 *fill*         0x00000000bc00d936        0x2 00
 .rodata.str1.4
                0x00000000bc00d938      0x365 net/libnet.a(net.o)
                                        0x374 (size before relaxing)
 *fill*         0x00000000bc00dc9d        0x3 00
 .rodata.str1.4
                0x00000000bc00dca0      0x1f4 net/libnet.a(tftp.o)
                                        0x204 (size before relaxing)
 .rodata.str1.4
                0x00000000bc00de94       0x92 net/libnet.a(eth.o)
                                         0x98 (size before relaxing)
 *fill*         0x00000000bc00df26        0x2 00
 .rodata.str1.4
                0x00000000bc00df28      0x160 drivers/libdrivers.a(rt2880_eth.o)
 .rodata.str1.4
                0x00000000bc00e088      0x29f drivers/libdrivers.a(mii_mgr.o)
                                        0x2a4 (size before relaxing)
 *fill*         0x00000000bc00e327        0x1 00
 .rodata.str1.4
                0x00000000bc00e328      0x4ce drivers/libdrivers.a(spi_rt6855A_flash.o)
                                        0x4e8 (size before relaxing)
 *fill*         0x00000000bc00e7f6        0x2 00
 .rodata.str1.4
                0x00000000bc00e7f8       0x7d common/libcommon.a(main.o)
                                         0x98 (size before relaxing)
 *fill*         0x00000000bc00e875        0x3 00
 .rodata.str1.4
                0x00000000bc00e878       0x47 common/libcommon.a(devices.o)
                                         0x48 (size before relaxing)
 *fill*         0x00000000bc00e8bf        0x1 00
 .rodata.str1.4
                0x00000000bc00e8c0       0x33 common/libcommon.a(env_common.o)
                                         0x34 (size before relaxing)
 *fill*         0x00000000bc00e8f3        0x1 00
 .rodata.str1.4
                0x00000000bc00e8f4       0xcf common/libcommon.a(cmd_nvedit.o)
                                        0x120 (size before relaxing)
 *fill*         0x00000000bc00e9c3        0x1 00
 .rodata.str1.4
                0x00000000bc00e9c4      0x305 common/libcommon.a(cmd_bootm.o)
                                        0x318 (size before relaxing)
 *fill*         0x00000000bc00ecc9        0x3 00
 .rodata.str1.4
                0x00000000bc00eccc       0xad common/libcommon.a(cmd_net.o)
                                        0x104 (size before relaxing)
 *fill*         0x00000000bc00ed79        0x3 00
 .rodata.str1.4
                0x00000000bc00ed7c        0xa common/libcommon.a(env_spi.o)
                                          0xc (size before relaxing)
 *fill*         0x00000000bc00ed86        0x2 00
 .rodata.str1.4
                0x00000000bc00ed88       0x17 lib_generic/libgeneric.a(display_options.o)
                                         0x20 (size before relaxing)
 *fill*         0x00000000bc00ed9f        0x1 00
 .rodata.str1.4
                0x00000000bc00eda0       0x57 lib_generic/libgeneric.a(vsprintf.o)
                                         0x58 (size before relaxing)
 *fill*         0x00000000bc00edf7        0x1 00
 .rodata.str1.4
                0x00000000bc00edf8       0x50 board/rt2880/librt2880.a(rt2880.o)
 .rodata.str1.4
                0x00000000bc00ee48      0x17c lib_mips/libmips.a(mips_linux.o)
                                        0x188 (size before relaxing)

.rel.dyn        0x00000000bc00efc4        0x0
 .rel.dyn       0x0000000000000000        0x0 cpu/ralink_soc/start.o
                0x00000000bc00efc4                . = ALIGN (0x4)

.data           0x00000000bc00efd0      0x220
 *(.data)
 .data          0x00000000bc00efd0        0x0 cpu/ralink_soc/start.o
 .data          0x00000000bc00efd0        0x0 lib_mips/libmips.a(board.o)
 .data          0x00000000bc00efd0        0x0 lib_mips/libmips.a(time.o)
 .data          0x00000000bc00efd0       0x10 net/libnet.a(net.o)
                0x00000000bc00efd0                NetBcastAddr
 .data          0x00000000bc00efe0       0x10 net/libnet.a(tftp.o)
                0x00000000bc00efe0                fileNotFoundCounter
 .data          0x00000000bc00eff0        0x0 net/libnet.a(eth.o)
 .data          0x00000000bc00eff0       0x10 drivers/libdrivers.a(rt2880_eth.o)
 .data          0x00000000bc00f000        0x0 drivers/libdrivers.a(mii_mgr.o)
 .data          0x00000000bc00f000       0x40 drivers/libdrivers.a(spi_rt6855A_flash.o)
                0x00000000bc00f000                stm_opcodes
 .data          0x00000000bc00f040        0x0 common/libcommon.a(main.o)
 .data          0x00000000bc00f040        0x0 common/libcommon.a(command.o)
 .data          0x00000000bc00f040        0x0 common/libcommon.a(console.o)
 .data          0x00000000bc00f040        0x0 common/libcommon.a(devices.o)
 .data          0x00000000bc00f040       0x10 common/libcommon.a(dlmalloc.o)
 .data          0x00000000bc00f050       0x80 common/libcommon.a(env_common.o)
                0x00000000bc00f050                default_environment
 .data          0x00000000bc00f0d0        0x0 common/libcommon.a(exports.o)
 .data          0x00000000bc00f0d0        0x0 common/libcommon.a(lists.o)
 .data          0x00000000bc00f0d0        0x0 common/libcommon.a(cmd_nvedit.o)
 .data          0x00000000bc00f0d0       0x10 common/libcommon.a(cmd_bootm.o)
                0x00000000bc00f0d0                load_addr
 .data          0x00000000bc00f0e0        0x0 common/libcommon.a(cmd_net.o)
 .data          0x00000000bc00f0e0        0x0 common/libcommon.a(env_spi.o)
 .data          0x00000000bc00f0e0        0x0 common/libcommon.a(environment.o)
 .data          0x00000000bc00f0e0       0x10 lib_generic/libgeneric.a(crc32.o)
 .data          0x00000000bc00f0f0        0x0 lib_generic/libgeneric.a(display_options.o)
 .data          0x00000000bc00f0f0        0x0 lib_generic/libgeneric.a(string.o)
 .data          0x00000000bc00f0f0        0x0 lib_generic/libgeneric.a(vsprintf.o)
 .data          0x00000000bc00f0f0        0x0 lib_generic/libgeneric.a(LzmaDecode.o)
 .data          0x00000000bc00f0f0      0x100 lib_generic/libgeneric.a(ctype.o)
                0x00000000bc00f0f0                _ctype
 .data          0x00000000bc00f1f0        0x0 board/rt2880/librt2880.a(rt2880.o)
 .data          0x00000000bc00f1f0        0x0 board/rt2880/librt2880.a(serial.o)
 .data          0x00000000bc00f1f0        0x0 cpu/ralink_soc/libralink_soc.a(cpu.o)
 .data          0x00000000bc00f1f0        0x0 lib_mips/libmips.a(mips_linux.o)

.got.plt        0x00000000bc00f1f0        0x0
 .got.plt       0x0000000000000000        0x0 cpu/ralink_soc/start.o

.data.rel.local
                0x00000000bc00f1f0      0x7ac
 .data.rel.local
                0x00000000bc00f1f0      0x390 drivers/libdrivers.a(spi_rt6855A_flash.o)
 .data.rel.local
                0x00000000bc00f580        0xc common/libcommon.a(devices.o)
                0x00000000bc00f580                stdio_names
 .data.rel.local
                0x00000000bc00f58c      0x408 common/libcommon.a(dlmalloc.o)
 .data.rel.local
                0x00000000bc00f994        0x4 common/libcommon.a(env_common.o)
                0x00000000bc00f994                env_get_char
 .data.rel.local
                0x00000000bc00f998        0x4 common/libcommon.a(env_spi.o)
                0x00000000bc00f998                env_name_spec

.data.rel       0x00000000bc00f99c        0x4
 .data.rel      0x00000000bc00f99c        0x4 common/libcommon.a(env_spi.o)
                0x00000000bc00f99c                env_ptr
                0x00000000bc00f9a0                . = ALIGN (0x4)

.sdata
 *(.sdata)
 *(.sdata)
                0x00000000bc00f9a0                _gp = ALIGN (0x10)

.got            0x00000000bc00f9a0      0x38c
                0x00000000bc00f9a0                __got_start = .
 *(.got)
 .got           0x00000000bc00f9a0      0x38c cpu/ralink_soc/start.o
                0x00000000bc00f9a0                _GLOBAL_OFFSET_TABLE_
                0x00000000bc00fd2c                __got_end = .
                0x00000000bc00fd2c                __u_boot_cmd_start = .

.u_boot_cmd     0x00000000bc00fd2c       0x78
 *(.u_boot_cmd)
 .u_boot_cmd    0x00000000bc00fd2c       0x30 drivers/libdrivers.a(spi_rt6855A_flash.o)
                0x00000000bc00fd2c                __u_boot_cmd_erase
                0x00000000bc00fd44                __u_boot_cmd_cp
 .u_boot_cmd    0x00000000bc00fd5c       0x18 common/libcommon.a(cmd_nvedit.o)
                0x00000000bc00fd5c                __u_boot_cmd_setenv
 .u_boot_cmd    0x00000000bc00fd74       0x18 common/libcommon.a(cmd_bootm.o)
                0x00000000bc00fd74                __u_boot_cmd_reset
 .u_boot_cmd    0x00000000bc00fd8c       0x18 common/libcommon.a(cmd_net.o)
                0x00000000bc00fd8c                __u_boot_cmd_tftpboot
                0x00000000bc00fda4                __u_boot_cmd_end = .
                0x00000000bc00fda4                uboot_end_data = .
                0x00000000000000e3                num_got_entries = ((__got_end - __got_start) >> 0x2)
                0x00000000bc00fda4                . = ALIGN (0x4)

.sbss
 *(.sbss)

.bss            0x00000000bc00fdc0    0x2fd04
 *(.bss)
 .bss           0x00000000bc00fdc0        0x0 cpu/ralink_soc/start.o
 .bss           0x00000000bc00fdc0       0x90 lib_mips/libmips.a(board.o)
                0x00000000bc00fdc0                modifies
 .bss           0x00000000bc00fe50        0x0 lib_mips/libmips.a(time.o)
 .bss           0x00000000bc00fe50       0xb0 net/libnet.a(net.o)
                0x00000000bc00fe50                NetTxPacket
                0x00000000bc00fe54                NetEtherNullAddr
                0x00000000bc00fe5c                NetServerEther
                0x00000000bc00fe62                NetBootFileSize
                0x00000000bc00fe64                NetOurRootPath
                0x00000000bc00fea4                NetOurHostName
                0x00000000bc00fec4                NetOurNISDomain
                0x00000000bc00fee4                NetOurDNSIP
                0x00000000bc00fee8                NetOurGatewayIP
                0x00000000bc00feec                NetOurSubnetMask
 .bss           0x00000000bc00ff00       0x40 net/libnet.a(tftp.o)
 .bss           0x00000000bc00ff40       0x10 net/libnet.a(eth.o)
 *fill*         0x00000000bc00ff50       0x10 00
 .bss           0x00000000bc00ff60    0x16e80 drivers/libdrivers.a(rt2880_eth.o)
 .bss           0x00000000bc026de0        0x0 drivers/libdrivers.a(mii_mgr.o)
 .bss           0x00000000bc026de0       0x10 drivers/libdrivers.a(spi_rt6855A_flash.o)
                0x00000000bc026de0                spi_chip_info
 .bss           0x00000000bc026df0      0x100 common/libcommon.a(main.o)
 .bss           0x00000000bc026ef0        0x0 common/libcommon.a(command.o)
 .bss           0x00000000bc026ef0       0x10 common/libcommon.a(console.o)
 .bss           0x00000000bc026f00       0x10 common/libcommon.a(devices.o)
                0x00000000bc026f00                stdio_devices
                0x00000000bc026f0c                devlist
 .bss           0x00000000bc026f10       0x40 common/libcommon.a(dlmalloc.o)
 .bss           0x00000000bc026f50        0x0 common/libcommon.a(env_common.o)
 .bss           0x00000000bc026f50        0x0 common/libcommon.a(exports.o)
 .bss           0x00000000bc026f50        0x0 common/libcommon.a(lists.o)
 .bss           0x00000000bc026f50        0x0 common/libcommon.a(cmd_nvedit.o)
 .bss           0x00000000bc026f50        0x0 common/libcommon.a(cmd_bootm.o)
 .bss           0x00000000bc026f50        0x0 common/libcommon.a(cmd_net.o)
 .bss           0x00000000bc026f50        0x0 common/libcommon.a(env_spi.o)
 .bss           0x00000000bc026f50        0x0 common/libcommon.a(environment.o)
 .bss           0x00000000bc026f50      0x400 lib_generic/libgeneric.a(crc32.o)
 .bss           0x00000000bc027350        0x0 lib_generic/libgeneric.a(display_options.o)
 .bss           0x00000000bc027350        0x0 lib_generic/libgeneric.a(string.o)
 .bss           0x00000000bc027350        0x0 lib_generic/libgeneric.a(vsprintf.o)
 .bss           0x00000000bc027350        0x0 lib_generic/libgeneric.a(LzmaDecode.o)
 .bss           0x00000000bc027350        0x0 lib_generic/libgeneric.a(ctype.o)
 .bss           0x00000000bc027350        0x0 board/rt2880/librt2880.a(rt2880.o)
 .bss           0x00000000bc027350        0x0 board/rt2880/librt2880.a(serial.o)
 .bss           0x00000000bc027350        0x0 cpu/ralink_soc/libralink_soc.a(cpu.o)
 .bss           0x00000000bc027350       0x20 lib_mips/libmips.a(mips_linux.o)
 COMMON         0x00000000bc027370       0x24 lib_mips/libmips.a(board.o)
                0x00000000bc027370                gd_data
 COMMON         0x00000000bc027394    0x17bf0 net/libnet.a(net.o)
                0x00000000bc027394                Pkt_Buf_Pool
                0x00000000bc03e7d4                NetRxPackets
                0x00000000bc03e8c4                BootFile
                0x00000000bc03e944                NetArpWaitPacketBuf
 COMMON         0x00000000bc03ef84      0x100 drivers/libdrivers.a(rt2880_eth.o)
                0x00000000bc03ef84                console_buffer
 COMMON         0x00000000bc03f084      0xa00 common/libcommon.a(main.o)
                0x00000000bc03f084                console_history
 COMMON         0x00000000bc03fa84       0x40 common/libcommon.a(cmd_bootm.o)
                0x00000000bc03fa84                header
                0x00000000bc03fac4                uboot_end = .
Address of section .text set to 0xbc000000
LOAD cpu/ralink_soc/start.o
START GROUP
LOAD lib_generic/libgeneric.a
LOAD board/rt2880/librt2880.a
LOAD cpu/ralink_soc/libralink_soc.a
LOAD lib_mips/libmips.a
LOAD net/libnet.a
LOAD drivers/libdrivers.a
LOAD common/libcommon.a
END GROUP
OUTPUT(u-boot elf32-tradlittlemips)

.scommon        0x00000000bc03fac4       0x70
 .scommon       0x00000000bc03fac4        0xc lib_mips/libmips.a(board.o)
                0x00000000bc03fac4                monitor_flash_len
                0x00000000bc03fac8                mips_bus_feq
                0x00000000bc03facc                mips_cpu_feq
 .scommon       0x00000000bc03fad0       0x44 net/libnet.a(net.o)
                0x00000000bc03fad0                NetArpWaitTry
                0x00000000bc03fad4                NetArpWaitPacketMAC
                0x00000000bc03fad8                NetOurEther
                0x00000000bc03fae0                NetOurIP
                0x00000000bc03fae4                NetServerIP
                0x00000000bc03fae8                NetArpWaitTxPacketSize
                0x00000000bc03faec                NetArpWaitReplyIP
                0x00000000bc03faf0                NetArpWaitTxPacket
                0x00000000bc03faf4                NetArpWaitPacketIP
                0x00000000bc03faf8                NetState
                0x00000000bc03fafc                NetIPID
                0x00000000bc03fb00                NetRxPkt
                0x00000000bc03fb04                NetRxPktLen
                0x00000000bc03fb08                NetBootFileXferSize
                0x00000000bc03fb0c                PktBuf
                0x00000000bc03fb10                NetArpWaitTimerStart
 .scommon       0x00000000bc03fb14        0x4 net/libnet.a(tftp.o)
                0x00000000bc03fb14                TftpStarted
 .scommon       0x00000000bc03fb18       0x18 drivers/libdrivers.a(rt2880_eth.o)
                0x00000000bc03fb18                rt2880_free_buf_list
                0x00000000bc03fb20                PKT_HEADER_Buf
                0x00000000bc03fb24                rt2880_pdev
                0x00000000bc03fb28                rt2880_busing_buf_list
 .scommon       0x00000000bc03fb30        0x4 lib_generic/libgeneric.a(string.o)
                0x00000000bc03fb30                ___strtok

.pdr            0x0000000000000000     0x1d00
 .pdr           0x0000000000000000       0xa0 cpu/ralink_soc/start.o
 .pdr           0x00000000000000a0      0x180 lib_mips/libmips.a(board.o)
 .pdr           0x0000000000000220       0x80 lib_mips/libmips.a(time.o)
 .pdr           0x00000000000002a0      0x2c0 net/libnet.a(net.o)
 .pdr           0x0000000000000560       0x80 net/libnet.a(tftp.o)
 .pdr           0x00000000000005e0      0x100 net/libnet.a(eth.o)
 .pdr           0x00000000000006e0      0x220 drivers/libdrivers.a(rt2880_eth.o)
 .pdr           0x0000000000000900       0xa0 drivers/libdrivers.a(mii_mgr.o)
 .pdr           0x00000000000009a0      0x220 drivers/libdrivers.a(spi_rt6855A_flash.o)
 .pdr           0x0000000000000bc0       0x40 common/libcommon.a(main.o)
 .pdr           0x0000000000000c00       0x20 common/libcommon.a(command.o)
 .pdr           0x0000000000000c20      0x2a0 common/libcommon.a(console.o)
 .pdr           0x0000000000000ec0       0x60 common/libcommon.a(devices.o)
 .pdr           0x0000000000000f20      0x180 common/libcommon.a(dlmalloc.o)
 .pdr           0x00000000000010a0       0xa0 common/libcommon.a(env_common.o)
 .pdr           0x0000000000001140       0x60 common/libcommon.a(exports.o)
 .pdr           0x00000000000011a0      0x140 common/libcommon.a(lists.o)
 .pdr           0x00000000000012e0       0xa0 common/libcommon.a(cmd_nvedit.o)
 .pdr           0x0000000000001380       0x80 common/libcommon.a(cmd_bootm.o)
 .pdr           0x0000000000001400       0x20 common/libcommon.a(cmd_net.o)
 .pdr           0x0000000000001420       0xa0 common/libcommon.a(env_spi.o)
 .pdr           0x00000000000014c0        0x0 common/libcommon.a(environment.o)
 .pdr           0x00000000000014c0       0x20 lib_generic/libgeneric.a(crc32.o)
 .pdr           0x00000000000014e0       0x40 lib_generic/libgeneric.a(display_options.o)
 .pdr           0x0000000000001520      0x320 lib_generic/libgeneric.a(string.o)
 .pdr           0x0000000000001840       0xc0 lib_generic/libgeneric.a(vsprintf.o)
 .pdr           0x0000000000001900      0x160 lib_generic/libgeneric.a(LzmaDecode.o)
 .pdr           0x0000000000001a60        0x0 lib_generic/libgeneric.a(ctype.o)
 .pdr           0x0000000000001a60       0xc0 board/rt2880/librt2880.a(rt2880.o)
 .pdr           0x0000000000001b20       0xc0 board/rt2880/librt2880.a(serial.o)
 .pdr           0x0000000000001be0       0xc0 cpu/ralink_soc/libralink_soc.a(cpu.o)
 .pdr           0x0000000000001ca0       0x60 lib_mips/libmips.a(mips_linux.o)

.mdebug.abi32   0x0000000000000000        0x0
 .mdebug.abi32  0x0000000000000000        0x0 lib_mips/libmips.a(board.o)
 .mdebug.abi32  0x0000000000000000        0x0 lib_mips/libmips.a(time.o)
 .mdebug.abi32  0x0000000000000000        0x0 net/libnet.a(net.o)
 .mdebug.abi32  0x0000000000000000        0x0 net/libnet.a(tftp.o)
 .mdebug.abi32  0x0000000000000000        0x0 net/libnet.a(eth.o)
 .mdebug.abi32  0x0000000000000000        0x0 drivers/libdrivers.a(rt2880_eth.o)
 .mdebug.abi32  0x0000000000000000        0x0 drivers/libdrivers.a(mii_mgr.o)
 .mdebug.abi32  0x0000000000000000        0x0 drivers/libdrivers.a(spi_rt6855A_flash.o)
 .mdebug.abi32  0x0000000000000000        0x0 common/libcommon.a(main.o)
 .mdebug.abi32  0x0000000000000000        0x0 common/libcommon.a(command.o)
 .mdebug.abi32  0x0000000000000000        0x0 common/libcommon.a(console.o)
 .mdebug.abi32  0x0000000000000000        0x0 common/libcommon.a(devices.o)
 .mdebug.abi32  0x0000000000000000        0x0 common/libcommon.a(dlmalloc.o)
 .mdebug.abi32  0x0000000000000000        0x0 common/libcommon.a(env_common.o)
 .mdebug.abi32  0x0000000000000000        0x0 common/libcommon.a(exports.o)
 .mdebug.abi32  0x0000000000000000        0x0 common/libcommon.a(lists.o)
 .mdebug.abi32  0x0000000000000000        0x0 common/libcommon.a(cmd_nvedit.o)
 .mdebug.abi32  0x0000000000000000        0x0 common/libcommon.a(cmd_bootm.o)
 .mdebug.abi32  0x0000000000000000        0x0 common/libcommon.a(cmd_net.o)
 .mdebug.abi32  0x0000000000000000        0x0 common/libcommon.a(env_spi.o)
 .mdebug.abi32  0x0000000000000000        0x0 common/libcommon.a(environment.o)
 .mdebug.abi32  0x0000000000000000        0x0 lib_generic/libgeneric.a(crc32.o)
 .mdebug.abi32  0x0000000000000000        0x0 lib_generic/libgeneric.a(display_options.o)
 .mdebug.abi32  0x0000000000000000        0x0 lib_generic/libgeneric.a(string.o)
 .mdebug.abi32  0x0000000000000000        0x0 lib_generic/libgeneric.a(vsprintf.o)
 .mdebug.abi32  0x0000000000000000        0x0 lib_generic/libgeneric.a(LzmaDecode.o)
 .mdebug.abi32  0x0000000000000000        0x0 lib_generic/libgeneric.a(ctype.o)
 .mdebug.abi32  0x0000000000000000        0x0 board/rt2880/librt2880.a(rt2880.o)
 .mdebug.abi32  0x0000000000000000        0x0 board/rt2880/librt2880.a(serial.o)
 .mdebug.abi32  0x0000000000000000        0x0 cpu/ralink_soc/libralink_soc.a(cpu.o)
 .mdebug.abi32  0x0000000000000000        0x0 lib_mips/libmips.a(mips_linux.o)

.comment        0x0000000000000000       0x21
 .comment       0x0000000000000000       0x21 lib_mips/libmips.a(board.o)
                                         0x22 (size before relaxing)
 .comment       0x0000000000000000       0x22 lib_mips/libmips.a(time.o)
 .comment       0x0000000000000000       0x22 net/libnet.a(net.o)
 .comment       0x0000000000000000       0x22 net/libnet.a(tftp.o)
 .comment       0x0000000000000000       0x22 net/libnet.a(eth.o)
 .comment       0x0000000000000000       0x22 drivers/libdrivers.a(rt2880_eth.o)
 .comment       0x0000000000000000       0x22 drivers/libdrivers.a(mii_mgr.o)
 .comment       0x0000000000000000       0x22 drivers/libdrivers.a(spi_rt6855A_flash.o)
 .comment       0x0000000000000000       0x22 common/libcommon.a(main.o)
 .comment       0x0000000000000000       0x22 common/libcommon.a(command.o)
 .comment       0x0000000000000000       0x22 common/libcommon.a(console.o)
 .comment       0x0000000000000000       0x22 common/libcommon.a(devices.o)
 .comment       0x0000000000000000       0x22 common/libcommon.a(dlmalloc.o)
 .comment       0x0000000000000000       0x22 common/libcommon.a(env_common.o)
 .comment       0x0000000000000000       0x22 common/libcommon.a(exports.o)
 .comment       0x0000000000000000       0x22 common/libcommon.a(lists.o)
 .comment       0x0000000000000000       0x22 common/libcommon.a(cmd_nvedit.o)
 .comment       0x0000000000000000       0x22 common/libcommon.a(cmd_bootm.o)
 .comment       0x0000000000000000       0x22 common/libcommon.a(cmd_net.o)
 .comment       0x0000000000000000       0x22 common/libcommon.a(env_spi.o)
 .comment       0x0000000000000000       0x22 common/libcommon.a(environment.o)
 .comment       0x0000000000000000       0x22 lib_generic/libgeneric.a(crc32.o)
 .comment       0x0000000000000000       0x22 lib_generic/libgeneric.a(display_options.o)
 .comment       0x0000000000000000       0x22 lib_generic/libgeneric.a(string.o)
 .comment       0x0000000000000000       0x22 lib_generic/libgeneric.a(vsprintf.o)
 .comment       0x0000000000000000       0x22 lib_generic/libgeneric.a(LzmaDecode.o)
 .comment       0x0000000000000000       0x22 lib_generic/libgeneric.a(ctype.o)
 .comment       0x0000000000000000       0x22 board/rt2880/librt2880.a(rt2880.o)
 .comment       0x0000000000000000       0x22 board/rt2880/librt2880.a(serial.o)
 .comment       0x0000000000000000       0x22 cpu/ralink_soc/libralink_soc.a(cpu.o)
 .comment       0x0000000000000000       0x22 lib_mips/libmips.a(mips_linux.o)

.gnu.attributes
                0x0000000000000000       0x10
 .gnu.attributes
                0x0000000000000000       0x10 lib_mips/libmips.a(board.o)
 .gnu.attributes
                0x0000000000000010       0x10 lib_mips/libmips.a(time.o)
 .gnu.attributes
                0x0000000000000020       0x10 net/libnet.a(net.o)
 .gnu.attributes
                0x0000000000000030       0x10 net/libnet.a(tftp.o)
 .gnu.attributes
                0x0000000000000040       0x10 net/libnet.a(eth.o)
 .gnu.attributes
                0x0000000000000050       0x10 drivers/libdrivers.a(rt2880_eth.o)
 .gnu.attributes
                0x0000000000000060       0x10 drivers/libdrivers.a(mii_mgr.o)
 .gnu.attributes
                0x0000000000000070       0x10 drivers/libdrivers.a(spi_rt6855A_flash.o)
 .gnu.attributes
                0x0000000000000080       0x10 common/libcommon.a(main.o)
 .gnu.attributes
                0x0000000000000090       0x10 common/libcommon.a(command.o)
 .gnu.attributes
                0x00000000000000a0       0x10 common/libcommon.a(console.o)
 .gnu.attributes
                0x00000000000000b0       0x10 common/libcommon.a(devices.o)
 .gnu.attributes
                0x00000000000000c0       0x10 common/libcommon.a(dlmalloc.o)
 .gnu.attributes
                0x00000000000000d0       0x10 common/libcommon.a(env_common.o)
 .gnu.attributes
                0x00000000000000e0       0x10 common/libcommon.a(exports.o)
 .gnu.attributes
                0x00000000000000f0       0x10 common/libcommon.a(lists.o)
 .gnu.attributes
                0x0000000000000100       0x10 common/libcommon.a(cmd_nvedit.o)
 .gnu.attributes
                0x0000000000000110       0x10 common/libcommon.a(cmd_bootm.o)
 .gnu.attributes
                0x0000000000000120       0x10 common/libcommon.a(cmd_net.o)
 .gnu.attributes
                0x0000000000000130       0x10 common/libcommon.a(env_spi.o)
 .gnu.attributes
                0x0000000000000140       0x10 common/libcommon.a(environment.o)
 .gnu.attributes
                0x0000000000000150       0x10 lib_generic/libgeneric.a(crc32.o)
 .gnu.attributes
                0x0000000000000160       0x10 lib_generic/libgeneric.a(display_options.o)
 .gnu.attributes
                0x0000000000000170       0x10 lib_generic/libgeneric.a(string.o)
 .gnu.attributes
                0x0000000000000180       0x10 lib_generic/libgeneric.a(vsprintf.o)
 .gnu.attributes
                0x0000000000000190       0x10 lib_generic/libgeneric.a(LzmaDecode.o)
 .gnu.attributes
                0x00000000000001a0       0x10 lib_generic/libgeneric.a(ctype.o)
 .gnu.attributes
                0x00000000000001b0       0x10 board/rt2880/librt2880.a(rt2880.o)
 .gnu.attributes
                0x00000000000001c0       0x10 board/rt2880/librt2880.a(serial.o)
 .gnu.attributes
                0x00000000000001d0       0x10 cpu/ralink_soc/libralink_soc.a(cpu.o)
 .gnu.attributes
                0x00000000000001e0       0x10 lib_mips/libmips.a(mips_linux.o)

.stab           0x0000000000000000     0x2274
 .stab          0x0000000000000000     0x2268 cpu/ralink_soc/start.o
 .stab          0x0000000000002268        0xc common/libcommon.a(environment.o)
                                         0x18 (size before relaxing)

.stabstr        0x0000000000000000       0xb5
 .stabstr       0x0000000000000000       0xb5 cpu/ralink_soc/start.o

.debug_info     0x0000000000000000     0xbfc6
 .debug_info    0x0000000000000000     0x12b7 lib_mips/libmips.a(board.o)
 .debug_info    0x00000000000012b7      0x208 lib_mips/libmips.a(time.o)
 .debug_info    0x00000000000014bf     0x135a net/libnet.a(net.o)
 .debug_info    0x0000000000002819      0x5f0 net/libnet.a(tftp.o)
 .debug_info    0x0000000000002e09      0x4b7 net/libnet.a(eth.o)
 .debug_info    0x00000000000032c0     0x10e6 drivers/libdrivers.a(rt2880_eth.o)
 .debug_info    0x00000000000043a6      0x3a7 drivers/libdrivers.a(mii_mgr.o)
 .debug_info    0x000000000000474d      0xfe9 drivers/libdrivers.a(spi_rt6855A_flash.o)
 .debug_info    0x0000000000005736      0x4d8 common/libcommon.a(main.o)
 .debug_info    0x0000000000005c0e      0x1be common/libcommon.a(command.o)
 .debug_info    0x0000000000005dcc      0x97b common/libcommon.a(console.o)
 .debug_info    0x0000000000006747      0x487 common/libcommon.a(devices.o)
 .debug_info    0x0000000000006bce      0xc7f common/libcommon.a(dlmalloc.o)
 .debug_info    0x000000000000784d      0x385 common/libcommon.a(env_common.o)
 .debug_info    0x0000000000007bd2      0x297 common/libcommon.a(exports.o)
 .debug_info    0x0000000000007e69      0x43a common/libcommon.a(lists.o)
 .debug_info    0x00000000000082a3      0x6ab common/libcommon.a(cmd_nvedit.o)
 .debug_info    0x000000000000894e      0x699 common/libcommon.a(cmd_bootm.o)
 .debug_info    0x0000000000008fe7      0x3d5 common/libcommon.a(cmd_net.o)
 .debug_info    0x00000000000093bc      0x339 common/libcommon.a(env_spi.o)
 .debug_info    0x00000000000096f5       0xa5 common/libcommon.a(environment.o)
 .debug_info    0x000000000000979a      0x1e7 lib_generic/libgeneric.a(crc32.o)
 .debug_info    0x0000000000009981      0x136 lib_generic/libgeneric.a(display_options.o)
 .debug_info    0x0000000000009ab7      0x974 lib_generic/libgeneric.a(string.o)
 .debug_info    0x000000000000a42b      0x49c lib_generic/libgeneric.a(vsprintf.o)
 .debug_info    0x000000000000a8c7      0x809 lib_generic/libgeneric.a(LzmaDecode.o)
 .debug_info    0x000000000000b0d0       0x56 lib_generic/libgeneric.a(ctype.o)
 .debug_info    0x000000000000b126      0x2c8 board/rt2880/librt2880.a(rt2880.o)
 .debug_info    0x000000000000b3ee      0x14c board/rt2880/librt2880.a(serial.o)
 .debug_info    0x000000000000b53a      0x3cc cpu/ralink_soc/libralink_soc.a(cpu.o)
 .debug_info    0x000000000000b906      0x6c0 lib_mips/libmips.a(mips_linux.o)

.debug_abbrev   0x0000000000000000     0x3701
 .debug_abbrev  0x0000000000000000      0x3ca lib_mips/libmips.a(board.o)
 .debug_abbrev  0x00000000000003ca      0x141 lib_mips/libmips.a(time.o)
 .debug_abbrev  0x000000000000050b      0x3bb net/libnet.a(net.o)
 .debug_abbrev  0x00000000000008c6      0x209 net/libnet.a(tftp.o)
 .debug_abbrev  0x0000000000000acf      0x218 net/libnet.a(eth.o)
 .debug_abbrev  0x0000000000000ce7      0x2fe drivers/libdrivers.a(rt2880_eth.o)
 .debug_abbrev  0x0000000000000fe5      0x15a drivers/libdrivers.a(mii_mgr.o)
 .debug_abbrev  0x000000000000113f      0x30b drivers/libdrivers.a(spi_rt6855A_flash.o)
 .debug_abbrev  0x000000000000144a      0x231 common/libcommon.a(main.o)
 .debug_abbrev  0x000000000000167b       0xdd common/libcommon.a(command.o)
 .debug_abbrev  0x0000000000001758      0x28a common/libcommon.a(console.o)
 .debug_abbrev  0x00000000000019e2      0x165 common/libcommon.a(devices.o)
 .debug_abbrev  0x0000000000001b47      0x236 common/libcommon.a(dlmalloc.o)
 .debug_abbrev  0x0000000000001d7d      0x171 common/libcommon.a(env_common.o)
 .debug_abbrev  0x0000000000001eee       0xf3 common/libcommon.a(exports.o)
 .debug_abbrev  0x0000000000001fe1      0x1c6 common/libcommon.a(lists.o)
 .debug_abbrev  0x00000000000021a7      0x254 common/libcommon.a(cmd_nvedit.o)
 .debug_abbrev  0x00000000000023fb      0x1dd common/libcommon.a(cmd_bootm.o)
 .debug_abbrev  0x00000000000025d8      0x1af common/libcommon.a(cmd_net.o)
 .debug_abbrev  0x0000000000002787      0x12f common/libcommon.a(env_spi.o)
 .debug_abbrev  0x00000000000028b6       0x7c common/libcommon.a(environment.o)
 .debug_abbrev  0x0000000000002932       0xf4 lib_generic/libgeneric.a(crc32.o)
 .debug_abbrev  0x0000000000002a26       0xc3 lib_generic/libgeneric.a(display_options.o)
 .debug_abbrev  0x0000000000002ae9      0x20b lib_generic/libgeneric.a(string.o)
 .debug_abbrev  0x0000000000002cf4      0x1f2 lib_generic/libgeneric.a(vsprintf.o)
 .debug_abbrev  0x0000000000002ee6      0x230 lib_generic/libgeneric.a(LzmaDecode.o)
 .debug_abbrev  0x0000000000003116       0x42 lib_generic/libgeneric.a(ctype.o)
 .debug_abbrev  0x0000000000003158      0x127 board/rt2880/librt2880.a(rt2880.o)
 .debug_abbrev  0x000000000000327f       0xe7 board/rt2880/librt2880.a(serial.o)
 .debug_abbrev  0x0000000000003366      0x1ac cpu/ralink_soc/libralink_soc.a(cpu.o)
 .debug_abbrev  0x0000000000003512      0x1ef lib_mips/libmips.a(mips_linux.o)

.debug_loc      0x0000000000000000     0xa54b
 .debug_loc     0x0000000000000000     0x118d lib_mips/libmips.a(board.o)
 .debug_loc     0x000000000000118d       0x97 lib_mips/libmips.a(time.o)
 .debug_loc     0x0000000000001224      0xb2a net/libnet.a(net.o)
 .debug_loc     0x0000000000001d4e      0x45c net/libnet.a(tftp.o)
 .debug_loc     0x00000000000021aa      0x260 net/libnet.a(eth.o)
 .debug_loc     0x000000000000240a      0x967 drivers/libdrivers.a(rt2880_eth.o)
 .debug_loc     0x0000000000002d71      0x4f9 drivers/libdrivers.a(mii_mgr.o)
 .debug_loc     0x000000000000326a      0xf87 drivers/libdrivers.a(spi_rt6855A_flash.o)
 .debug_loc     0x00000000000041f1      0x633 common/libcommon.a(main.o)
 .debug_loc     0x0000000000004824       0xc1 common/libcommon.a(command.o)
 .debug_loc     0x00000000000048e5      0x5ff common/libcommon.a(console.o)
 .debug_loc     0x0000000000004ee4       0xdd common/libcommon.a(devices.o)
 .debug_loc     0x0000000000004fc1     0x1653 common/libcommon.a(dlmalloc.o)
 .debug_loc     0x0000000000006614       0xf6 common/libcommon.a(env_common.o)
 .debug_loc     0x000000000000670a       0x47 common/libcommon.a(exports.o)
 .debug_loc     0x0000000000006751      0x3be common/libcommon.a(lists.o)
 .debug_loc     0x0000000000006b0f      0x626 common/libcommon.a(cmd_nvedit.o)
 .debug_loc     0x0000000000007135      0x43c common/libcommon.a(cmd_bootm.o)
 .debug_loc     0x0000000000007571      0x145 common/libcommon.a(cmd_net.o)
 .debug_loc     0x00000000000076b6      0x217 lib_generic/libgeneric.a(crc32.o)
 .debug_loc     0x00000000000078cd      0x100 lib_generic/libgeneric.a(display_options.o)
 .debug_loc     0x00000000000079cd      0xa28 lib_generic/libgeneric.a(string.o)
 .debug_loc     0x00000000000083f5      0x9ca lib_generic/libgeneric.a(vsprintf.o)
 .debug_loc     0x0000000000008dbf      0xc1b lib_generic/libgeneric.a(LzmaDecode.o)
 .debug_loc     0x00000000000099da      0x4e3 board/rt2880/librt2880.a(rt2880.o)
 .debug_loc     0x0000000000009ebd       0xc1 board/rt2880/librt2880.a(serial.o)
 .debug_loc     0x0000000000009f7e      0x15a cpu/ralink_soc/libralink_soc.a(cpu.o)
 .debug_loc     0x000000000000a0d8      0x473 lib_mips/libmips.a(mips_linux.o)

.debug_aranges  0x0000000000000000      0x3a0
 .debug_aranges
                0x0000000000000000       0x20 lib_mips/libmips.a(board.o)
 .debug_aranges
                0x0000000000000020       0x20 lib_mips/libmips.a(time.o)
 .debug_aranges
                0x0000000000000040       0x20 net/libnet.a(net.o)
 .debug_aranges
                0x0000000000000060       0x20 net/libnet.a(tftp.o)
 .debug_aranges
                0x0000000000000080       0x20 net/libnet.a(eth.o)
 .debug_aranges
                0x00000000000000a0       0x20 drivers/libdrivers.a(rt2880_eth.o)
 .debug_aranges
                0x00000000000000c0       0x20 drivers/libdrivers.a(mii_mgr.o)
 .debug_aranges
                0x00000000000000e0       0x20 drivers/libdrivers.a(spi_rt6855A_flash.o)
 .debug_aranges
                0x0000000000000100       0x20 common/libcommon.a(main.o)
 .debug_aranges
                0x0000000000000120       0x20 common/libcommon.a(command.o)
 .debug_aranges
                0x0000000000000140       0x20 common/libcommon.a(console.o)
 .debug_aranges
                0x0000000000000160       0x20 common/libcommon.a(devices.o)
 .debug_aranges
                0x0000000000000180       0x20 common/libcommon.a(dlmalloc.o)
 .debug_aranges
                0x00000000000001a0       0x20 common/libcommon.a(env_common.o)
 .debug_aranges
                0x00000000000001c0       0x20 common/libcommon.a(exports.o)
 .debug_aranges
                0x00000000000001e0       0x20 common/libcommon.a(lists.o)
 .debug_aranges
                0x0000000000000200       0x20 common/libcommon.a(cmd_nvedit.o)
 .debug_aranges
                0x0000000000000220       0x20 common/libcommon.a(cmd_bootm.o)
 .debug_aranges
                0x0000000000000240       0x20 common/libcommon.a(cmd_net.o)
 .debug_aranges
                0x0000000000000260       0x20 common/libcommon.a(env_spi.o)
 .debug_aranges
                0x0000000000000280       0x20 lib_generic/libgeneric.a(crc32.o)
 .debug_aranges
                0x00000000000002a0       0x20 lib_generic/libgeneric.a(display_options.o)
 .debug_aranges
                0x00000000000002c0       0x20 lib_generic/libgeneric.a(string.o)
 .debug_aranges
                0x00000000000002e0       0x20 lib_generic/libgeneric.a(vsprintf.o)
 .debug_aranges
                0x0000000000000300       0x20 lib_generic/libgeneric.a(LzmaDecode.o)
 .debug_aranges
                0x0000000000000320       0x20 board/rt2880/librt2880.a(rt2880.o)
 .debug_aranges
                0x0000000000000340       0x20 board/rt2880/librt2880.a(serial.o)
 .debug_aranges
                0x0000000000000360       0x20 cpu/ralink_soc/libralink_soc.a(cpu.o)
 .debug_aranges
                0x0000000000000380       0x20 lib_mips/libmips.a(mips_linux.o)

.debug_ranges   0x0000000000000000      0xa58
 .debug_ranges  0x0000000000000000      0x228 lib_mips/libmips.a(board.o)
 .debug_ranges  0x0000000000000228      0x1b0 net/libnet.a(net.o)
 .debug_ranges  0x00000000000003d8       0x50 net/libnet.a(tftp.o)
 .debug_ranges  0x0000000000000428       0x60 drivers/libdrivers.a(rt2880_eth.o)
 .debug_ranges  0x0000000000000488      0x260 drivers/libdrivers.a(spi_rt6855A_flash.o)
 .debug_ranges  0x00000000000006e8       0x30 common/libcommon.a(main.o)
 .debug_ranges  0x0000000000000718       0x20 common/libcommon.a(console.o)
 .debug_ranges  0x0000000000000738       0x30 common/libcommon.a(devices.o)
 .debug_ranges  0x0000000000000768       0x40 common/libcommon.a(dlmalloc.o)
 .debug_ranges  0x00000000000007a8       0x18 common/libcommon.a(lists.o)
 .debug_ranges  0x00000000000007c0       0x78 common/libcommon.a(cmd_nvedit.o)
 .debug_ranges  0x0000000000000838       0x60 common/libcommon.a(cmd_bootm.o)
 .debug_ranges  0x0000000000000898       0x80 common/libcommon.a(cmd_net.o)
 .debug_ranges  0x0000000000000918       0x20 lib_generic/libgeneric.a(string.o)
 .debug_ranges  0x0000000000000938       0x18 lib_generic/libgeneric.a(vsprintf.o)
 .debug_ranges  0x0000000000000950       0x78 lib_generic/libgeneric.a(LzmaDecode.o)
 .debug_ranges  0x00000000000009c8       0x90 lib_mips/libmips.a(mips_linux.o)

.debug_line     0x0000000000000000     0x51cb
 .debug_line    0x0000000000000000      0x952 lib_mips/libmips.a(board.o)
 .debug_line    0x0000000000000952       0xf7 lib_mips/libmips.a(time.o)
 .debug_line    0x0000000000000a49      0x6c5 net/libnet.a(net.o)
 .debug_line    0x000000000000110e      0x321 net/libnet.a(tftp.o)
 .debug_line    0x000000000000142f      0x20d net/libnet.a(eth.o)
 .debug_line    0x000000000000163c      0x581 drivers/libdrivers.a(rt2880_eth.o)
 .debug_line    0x0000000000001bbd      0x27c drivers/libdrivers.a(mii_mgr.o)
 .debug_line    0x0000000000001e39      0x5dc drivers/libdrivers.a(spi_rt6855A_flash.o)
 .debug_line    0x0000000000002415      0x1e1 common/libcommon.a(main.o)
 .debug_line    0x00000000000025f6       0xbe common/libcommon.a(command.o)
 .debug_line    0x00000000000026b4      0x353 common/libcommon.a(console.o)
 .debug_line    0x0000000000002a07      0x17e common/libcommon.a(devices.o)
 .debug_line    0x0000000000002b85      0x5bf common/libcommon.a(dlmalloc.o)
 .debug_line    0x0000000000003144      0x18e common/libcommon.a(env_common.o)
 .debug_line    0x00000000000032d2       0xff common/libcommon.a(exports.o)
 .debug_line    0x00000000000033d1      0x166 common/libcommon.a(lists.o)
 .debug_line    0x0000000000003537      0x38f common/libcommon.a(cmd_nvedit.o)
 .debug_line    0x00000000000038c6      0x29f common/libcommon.a(cmd_bootm.o)
 .debug_line    0x0000000000003b65      0x16b common/libcommon.a(cmd_net.o)
 .debug_line    0x0000000000003cd0      0x14a common/libcommon.a(env_spi.o)
 .debug_line    0x0000000000003e1a       0x79 common/libcommon.a(environment.o)
 .debug_line    0x0000000000003e93      0x10c lib_generic/libgeneric.a(crc32.o)
 .debug_line    0x0000000000003f9f       0xb6 lib_generic/libgeneric.a(display_options.o)
 .debug_line    0x0000000000004055      0x2f7 lib_generic/libgeneric.a(string.o)
 .debug_line    0x000000000000434c      0x2fb lib_generic/libgeneric.a(vsprintf.o)
 .debug_line    0x0000000000004647      0x39f lib_generic/libgeneric.a(LzmaDecode.o)
 .debug_line    0x00000000000049e6       0x28 lib_generic/libgeneric.a(ctype.o)
 .debug_line    0x0000000000004a0e      0x24e board/rt2880/librt2880.a(rt2880.o)
 .debug_line    0x0000000000004c5c       0xd6 board/rt2880/librt2880.a(serial.o)
 .debug_line    0x0000000000004d32      0x166 cpu/ralink_soc/libralink_soc.a(cpu.o)
 .debug_line    0x0000000000004e98      0x333 lib_mips/libmips.a(mips_linux.o)

.debug_str      0x0000000000000000     0x2c7e
 .debug_str     0x0000000000000000      0x837 lib_mips/libmips.a(board.o)
                                        0x954 (size before relaxing)
 .debug_str     0x0000000000000837       0x52 lib_mips/libmips.a(time.o)
                                        0x157 (size before relaxing)
 .debug_str     0x0000000000000889      0x598 net/libnet.a(net.o)
                                        0x755 (size before relaxing)
 .debug_str     0x0000000000000e21      0x100 net/libnet.a(tftp.o)
                                        0x2bd (size before relaxing)
 .debug_str     0x0000000000000f21      0x117 net/libnet.a(eth.o)
                                        0x2da (size before relaxing)
 .debug_str     0x0000000000001038      0x544 drivers/libdrivers.a(rt2880_eth.o)
                                        0x791 (size before relaxing)
 .debug_str     0x000000000000157c       0xa9 drivers/libdrivers.a(mii_mgr.o)
                                        0x1f2 (size before relaxing)
 .debug_str     0x0000000000001625      0x2d4 drivers/libdrivers.a(spi_rt6855A_flash.o)
                                        0x482 (size before relaxing)
 .debug_str     0x00000000000018f9      0x150 common/libcommon.a(main.o)
                                        0x251 (size before relaxing)
 .debug_str     0x0000000000001a49       0x26 common/libcommon.a(command.o)
                                        0x155 (size before relaxing)
 .debug_str     0x0000000000001a6f      0x23d common/libcommon.a(console.o)
                                        0x454 (size before relaxing)
 .debug_str     0x0000000000001cac       0x56 common/libcommon.a(devices.o)
                                        0x2c7 (size before relaxing)
 .debug_str     0x0000000000001d02      0x2ea common/libcommon.a(dlmalloc.o)
                                        0x519 (size before relaxing)
 .debug_str     0x0000000000001fec       0x99 common/libcommon.a(env_common.o)
                                        0x260 (size before relaxing)
 .debug_str     0x0000000000002085       0x1f common/libcommon.a(exports.o)
                                        0x278 (size before relaxing)
 .debug_str     0x00000000000020a4      0x150 common/libcommon.a(lists.o)
                                        0x296 (size before relaxing)
 .debug_str     0x00000000000021f4       0x6c common/libcommon.a(cmd_nvedit.o)
                                        0x2c2 (size before relaxing)
 .debug_str     0x0000000000002260      0x233 common/libcommon.a(cmd_bootm.o)
                                        0x3b1 (size before relaxing)
 .debug_str     0x0000000000002493       0x56 common/libcommon.a(cmd_net.o)
                                        0x23e (size before relaxing)
 .debug_str     0x00000000000024e9       0x43 common/libcommon.a(env_spi.o)
                                        0x25d (size before relaxing)
 .debug_str     0x000000000000252c       0x17 common/libcommon.a(environment.o)
                                         0xae (size before relaxing)
 .debug_str     0x0000000000002543       0x88 lib_generic/libgeneric.a(crc32.o)
                                        0x132 (size before relaxing)
 .debug_str     0x00000000000025cb       0x2d lib_generic/libgeneric.a(display_options.o)
                                        0x11a (size before relaxing)
 .debug_str     0x00000000000025f8       0xdd lib_generic/libgeneric.a(string.o)
                                        0x1f5 (size before relaxing)
 .debug_str     0x00000000000026d5       0x85 lib_generic/libgeneric.a(vsprintf.o)
                                        0x1c2 (size before relaxing)
 .debug_str     0x000000000000275a      0x28a lib_generic/libgeneric.a(LzmaDecode.o)
                                        0x394 (size before relaxing)
 .debug_str     0x00000000000029e4        0x8 lib_generic/libgeneric.a(ctype.o)
                                         0x74 (size before relaxing)
 .debug_str     0x00000000000029ec       0xa7 board/rt2880/librt2880.a(rt2880.o)
                                        0x186 (size before relaxing)
 .debug_str     0x0000000000002a93       0x61 board/rt2880/librt2880.a(serial.o)
                                        0x135 (size before relaxing)
 .debug_str     0x0000000000002af4       0xbd cpu/ralink_soc/libralink_soc.a(cpu.o)
                                        0x1f6 (size before relaxing)
 .debug_str     0x0000000000002bb1       0xcd lib_mips/libmips.a(mips_linux.o)
                                        0x3b3 (size before relaxing)

.debug_frame    0x0000000000000000     0x1788
 .debug_frame   0x0000000000000000      0x130 lib_mips/libmips.a(board.o)
 .debug_frame   0x0000000000000130       0x60 lib_mips/libmips.a(time.o)
 .debug_frame   0x0000000000000190      0x228 net/libnet.a(net.o)
 .debug_frame   0x00000000000003b8       0x88 net/libnet.a(tftp.o)
 .debug_frame   0x0000000000000440       0xcc net/libnet.a(eth.o)
 .debug_frame   0x000000000000050c      0x1c8 drivers/libdrivers.a(rt2880_eth.o)
 .debug_frame   0x00000000000006d4       0xb0 drivers/libdrivers.a(mii_mgr.o)
 .debug_frame   0x0000000000000784      0x1f0 drivers/libdrivers.a(spi_rt6855A_flash.o)
 .debug_frame   0x0000000000000974       0x4c common/libcommon.a(main.o)
 .debug_frame   0x00000000000009c0       0x2c common/libcommon.a(command.o)
 .debug_frame   0x00000000000009ec      0x21c common/libcommon.a(console.o)
 .debug_frame   0x0000000000000c08       0x58 common/libcommon.a(devices.o)
 .debug_frame   0x0000000000000c60      0x130 common/libcommon.a(dlmalloc.o)
 .debug_frame   0x0000000000000d90       0x7c common/libcommon.a(env_common.o)
 .debug_frame   0x0000000000000e0c       0x4c common/libcommon.a(exports.o)
 .debug_frame   0x0000000000000e58      0x100 common/libcommon.a(lists.o)
 .debug_frame   0x0000000000000f58       0x9c common/libcommon.a(cmd_nvedit.o)
 .debug_frame   0x0000000000000ff4       0x84 common/libcommon.a(cmd_bootm.o)
 .debug_frame   0x0000000000001078       0x2c common/libcommon.a(cmd_net.o)
 .debug_frame   0x00000000000010a4       0x60 common/libcommon.a(env_spi.o)
 .debug_frame   0x0000000000001104       0x28 lib_generic/libgeneric.a(crc32.o)
 .debug_frame   0x000000000000112c       0x48 lib_generic/libgeneric.a(display_options.o)
 .debug_frame   0x0000000000001174      0x1f0 lib_generic/libgeneric.a(string.o)
 .debug_frame   0x0000000000001364       0xb8 lib_generic/libgeneric.a(vsprintf.o)
 .debug_frame   0x000000000000141c      0x150 lib_generic/libgeneric.a(LzmaDecode.o)
 .debug_frame   0x000000000000156c       0xa4 board/rt2880/librt2880.a(rt2880.o)
 .debug_frame   0x0000000000001610       0x8c board/rt2880/librt2880.a(serial.o)
 .debug_frame   0x000000000000169c       0x88 cpu/ralink_soc/libralink_soc.a(cpu.o)
 .debug_frame   0x0000000000001724       0x64 lib_mips/libmips.a(mips_linux.o)
